PS C:\Users\balaj\OneDrive\Desktop\Devops temp\DevOp-Canada> git branch balaji_test
PS C:\Users\balaj\OneDrive\Desktop\Devops temp\DevOp-Canada> git switch balaji_test
Switched to branch 'balaji_test'
PS C:\Users\balaj\OneDrive\Desktop\Devops temp\DevOp-Canada> git add .
PS C:\Users\balaj\OneDrive\Desktop\Devops temp\DevOp-Canada> git commit -m "feat:add line to contact pages"
[balaji_test ef94533] feat:add line to contact pages
 1 file changed, 3 insertions(+)
PS C:\Users\balaj\OneDrive\Desktop\Devops temp\DevOp-Canada> git push origin balaji_test
Enumerating objects: 9, done.
Counting objects: 100% (9/9), done.
Delta compression using up to 8 threads
Compressing objects: 100% (5/5), done.
Writing objects: 100% (5/5), 571 bytes | 142.00 KiB/s, done.
Total 5 (delta 2), reused 0 (delta 0), pack-reused 0
remote: Resolving deltas: 100% (2/2), completed with 2 local objects.
remote:
remote: Create a pull request for 'balaji_test' on GitHub by visiting:
remote:      https://github.com/Bruce-liushaopeng/DevOp-Canada/pull/new/balaji_test
remote:
To https://github.com/Bruce-liushaopeng/DevOp-Canada.git
 * [new branch]      balaji_test -> balaji_test
PS C:\Users\balaj\OneDrive\Desktop\Devops temp\DevOp-Canada> git switch main
Switched to branch 'main'
Your branch is up to date with 'origin/main'.
PS C:\Users\balaj\OneDrive\Desktop\Devops temp\DevOp-Canada> git pull origin main
remote: Enumerating objects: 10, done.
remote: Counting objects: 100% (10/10), done.
remote: Compressing objects: 100% (4/4), done.
  balaji_test
* main
PS C:\Users\balaj\OneDrive\Desktop\Devops temp\DevOp-Canada> git switch balaji_test
Switched to branch 'balaji_test'
PS C:\Users\balaj\OneDrive\Desktop\Devops temp\DevOp-Canada> git merge main
Auto-merging src/pages/Contact.jsx
CONFLICT (content): Merge conflict in src/pages/Contact.jsx
Automatic merge failed; fix conflicts and then commit the result.
PS C:\Users\balaj\OneDrive\Desktop\Devops temp\DevOp-Canada> git add .
PS C:\Users\balaj\OneDrive\Desktop\Devops temp\DevOp-Canada> git commit -m "Feat:add new line in contacts page"
[balaji_test 7e42f64] Feat:add new line in contacts page
PS C:\Users\balaj\OneDrive\Desktop\Devops temp\DevOp-Canada> git push origin balaji_test
Enumerating objects: 13, done.
Counting objects: 100% (13/13), done.
Delta compression using up to 8 threads
Compressing objects: 100% (5/5), done.
Writing objects: 100% (5/5), 560 bytes | 560.00 KiB/s, done.
Total 5 (delta 3), reused 0 (delta 0), pack-reused 0
remote: Resolving deltas: 100% (3/3), completed with 3 local objects.
To https://github.com/Bruce-liushaopeng/DevOp-Canada.git
   ef94533..7e42f64  balaji_test -> balaji_test